KW_WHILE
KW_IF
KW_VOID
KW_INT
KW_FALSE
KW_ELSE
KW_VOID
KW_RETURN
KW_NULL
KW_STRING
TOK_FUNCTION: nomad
KW_WHILE
TOK_FUNCTION: premenna
TOK_FUNCTION: varaibl
TOK_TYPE_ID: KW_INT
TOK_TYPE_ID: KW_FLOAT
TOK_TYPE_ID: W_STRING
TOK_VARIABLE: $return
TOK_VARIABLE: $if
TOK_VARIABLE: $void
TOK_VARIABLE: $false
TOK_VARIABLE: $else
TOK_ASSIGN
TOK_EOF
